this is the very long and complex input... good luck